// Jest Snapshot v1, https://goo.gl/fbAQLP

exports[`renders Full 1`] = `
Object {
  "asFragment": [Function],
  "baseElement": <body
    class="hide-menu"
    data-layout="full"
    data-layout-color="dark"
    data-layout-mode="fluid"
    data-leftbar-compact-mode="fixed"
    data-leftbar-theme="dark"
  >
    <div>
      <div
        class="wrapper"
      >
        <div
          class=""
        />
        <div
          class="content-page"
        >
          <div
            class="content"
          >
            <div
              class=""
            />
            <div
              class="container-fluid"
            />
          </div>
          <div
            class=""
          />
        </div>
      </div>
      <div
        class=""
      />
    </div>
  </body>,
  "container": <div>
    <div
      class="wrapper"
    >
      <div
        class=""
      />
      <div
        class="content-page"
      >
        <div
          class="content"
        >
          <div
            class=""
          />
          <div
            class="container-fluid"
          />
        </div>
        <div
          class=""
        />
      </div>
    </div>
    <div
      class=""
    />
  </div>,
  "debug": [Function],
  "findAllByAltText": [Function],
  "findAllByDisplayValue": [Function],
  "findAllByLabelText": [Function],
  "findAllByPlaceholderText": [Function],
  "findAllByRole": [Function],
  "findAllByTestId": [Function],
  "findAllByText": [Function],
  "findAllByTitle": [Function],
  "findByAltText": [Function],
  "findByDisplayValue": [Function],
  "findByLabelText": [Function],
  "findByPlaceholderText": [Function],
  "findByRole": [Function],
  "findByTestId": [Function],
  "findByText": [Function],
  "findByTitle": [Function],
  "getAllByAltText": [Function],
  "getAllByDisplayValue": [Function],
  "getAllByLabelText": [Function],
  "getAllByPlaceholderText": [Function],
  "getAllByRole": [Function],
  "getAllByTestId": [Function],
  "getAllByText": [Function],
  "getAllByTitle": [Function],
  "getByAltText": [Function],
  "getByDisplayValue": [Function],
  "getByLabelText": [Function],
  "getByPlaceholderText": [Function],
  "getByRole": [Function],
  "getByTestId": [Function],
  "getByText": [Function],
  "getByTitle": [Function],
  "queryAllByAltText": [Function],
  "queryAllByDisplayValue": [Function],
  "queryAllByLabelText": [Function],
  "queryAllByPlaceholderText": [Function],
  "queryAllByRole": [Function],
  "queryAllByTestId": [Function],
  "queryAllByText": [Function],
  "queryAllByTitle": [Function],
  "queryByAltText": [Function],
  "queryByDisplayValue": [Function],
  "queryByLabelText": [Function],
  "queryByPlaceholderText": [Function],
  "queryByRole": [Function],
  "queryByTestId": [Function],
  "queryByText": [Function],
  "queryByTitle": [Function],
  "rerender": [Function],
  "unmount": [Function],
}
`;
