// Jest Snapshot v1, https://goo.gl/fbAQLP

exports[`renders PageTitle 1`] = `
Object {
  "asFragment": [Function],
  "baseElement": <body>
    <div>
      <div
        class="row"
      >
        <div
          class="col"
        >
          <div
            class="page-title-box"
          >
            <div
              class="page-title-right"
            >
              <nav
                aria-label="breadcrumb"
              >
                <ol
                  class="breadcrumb m-0"
                >
                  <li
                    class="breadcrumb-item"
                  >
                    <a
                      href="/"
                    >
                      Hyper
                    </a>
                  </li>
                  <li
                    class="breadcrumb-item"
                  >
                    <a
                      href="test-path"
                    >
                      test-label
                    </a>
                  </li>
                </ol>
              </nav>
            </div>
            <h4
              class="page-title"
            >
              page-title
            </h4>
          </div>
        </div>
      </div>
    </div>
  </body>,
  "container": <div>
    <div
      class="row"
    >
      <div
        class="col"
      >
        <div
          class="page-title-box"
        >
          <div
            class="page-title-right"
          >
            <nav
              aria-label="breadcrumb"
            >
              <ol
                class="breadcrumb m-0"
              >
                <li
                  class="breadcrumb-item"
                >
                  <a
                    href="/"
                  >
                    Hyper
                  </a>
                </li>
                <li
                  class="breadcrumb-item"
                >
                  <a
                    href="test-path"
                  >
                    test-label
                  </a>
                </li>
              </ol>
            </nav>
          </div>
          <h4
            class="page-title"
          >
            page-title
          </h4>
        </div>
      </div>
    </div>
  </div>,
  "debug": [Function],
  "findAllByAltText": [Function],
  "findAllByDisplayValue": [Function],
  "findAllByLabelText": [Function],
  "findAllByPlaceholderText": [Function],
  "findAllByRole": [Function],
  "findAllByTestId": [Function],
  "findAllByText": [Function],
  "findAllByTitle": [Function],
  "findByAltText": [Function],
  "findByDisplayValue": [Function],
  "findByLabelText": [Function],
  "findByPlaceholderText": [Function],
  "findByRole": [Function],
  "findByTestId": [Function],
  "findByText": [Function],
  "findByTitle": [Function],
  "getAllByAltText": [Function],
  "getAllByDisplayValue": [Function],
  "getAllByLabelText": [Function],
  "getAllByPlaceholderText": [Function],
  "getAllByRole": [Function],
  "getAllByTestId": [Function],
  "getAllByText": [Function],
  "getAllByTitle": [Function],
  "getByAltText": [Function],
  "getByDisplayValue": [Function],
  "getByLabelText": [Function],
  "getByPlaceholderText": [Function],
  "getByRole": [Function],
  "getByTestId": [Function],
  "getByText": [Function],
  "getByTitle": [Function],
  "queryAllByAltText": [Function],
  "queryAllByDisplayValue": [Function],
  "queryAllByLabelText": [Function],
  "queryAllByPlaceholderText": [Function],
  "queryAllByRole": [Function],
  "queryAllByTestId": [Function],
  "queryAllByText": [Function],
  "queryAllByTitle": [Function],
  "queryByAltText": [Function],
  "queryByDisplayValue": [Function],
  "queryByLabelText": [Function],
  "queryByPlaceholderText": [Function],
  "queryByRole": [Function],
  "queryByTestId": [Function],
  "queryByText": [Function],
  "queryByTitle": [Function],
  "rerender": [Function],
  "unmount": [Function],
}
`;
