// Jest Snapshot v1, https://goo.gl/fbAQLP

exports[`renders Edit Warehouse 1`] = `
Object {
  "asFragment": [Function],
  "baseElement": <body>
    <div>
      <div
        class="card-form form-warehouse mt-3 card"
      >
        <div
          class="card-header"
        >
          <h4
            class="card-form__title"
          >
            warehouse_edit_page_title
          </h4>
        </div>
        <div
          class="card-body"
        >
          <div
            class="row"
          >
            <form
              autocomplete="on"
              class="form-layout"
            >
              <div
                class="container-fluid"
              >
                <div
                  class="mb-2 row"
                >
                  <div
                    class="col"
                  >
                    <p
                      class="d-flex align-items-center m-0"
                    >
                      <i
                        class="mdi mdi-alert-circle fs-3 pe-1"
                      />
                      warehouse_edit_warning_message
                    </p>
                  </div>
                </div>
                
                <div
                  class="align-items-center py-1 row"
                >
                  <div
                    class="col-4"
                  >
                    <label
                      class="required"
                      for="erpId"
                    >
                      warehouse_edit_erpId
                    </label>
                  </div>
                  <div
                    class="p-fluid col-8"
                  >
                    <input
                      class="p-inputtext p-component p-1"
                      id="erpId"
                      maxlength="64"
                      name="erpId"
                      value=""
                    />
                  </div>
                </div>
                <div
                  class="align-items-center py-1 row"
                >
                  <div
                    class="col-4"
                  >
                    <label
                      class="required"
                      for="name"
                    >
                      warehouse_edit_organization_name
                    </label>
                  </div>
                  <div
                    class="p-fluid col-8"
                  >
                    <input
                      class="p-inputtext p-component p-1"
                      id="name"
                      maxlength="128"
                      name="name"
                      value=""
                    />
                  </div>
                </div>
                <div
                  class="align-items-center row"
                >
                  <div
                    class="mt-3 col-12"
                  >
                    <label
                      class="fs-4 fw-bold"
                      for="additionalInformation"
                    >
                      warehouse_edit_warehouse_address
                      :
                    </label>
                  </div>
                </div>
                <div
                  class="align-items-center py-1 row"
                >
                  <div
                    class="col-4"
                  >
                    <label
                      class="required"
                      for="addressLine1"
                    >
                      warehouse_edit_warehouse_addressLine1
                    </label>
                  </div>
                  <div
                    class="p-fluid col-8"
                  >
                    <input
                      class="p-inputtext p-component p-1"
                      id="addressLine1"
                      maxlength="255"
                      name="addressLine1"
                      value=""
                    />
                  </div>
                </div>
                <div
                  class="align-items-center py-1 row"
                >
                  <div
                    class="col-4"
                  >
                    <label
                      class=""
                      for="addressLine2"
                    >
                      warehouse_edit_warehouse_addressLine2
                    </label>
                  </div>
                  <div
                    class="p-fluid col-8"
                  >
                    <input
                      class="p-inputtext p-component p-1"
                      id="addressLine2"
                      maxlength="255"
                      name="addressLine2"
                      value=""
                    />
                  </div>
                </div>
                <div
                  class="align-items-center py-1 row"
                >
                  <div
                    class="col-4"
                  >
                    <label
                      class=""
                      for="addressLine3"
                    >
                      warehouse_edit_warehouse_addressLine3
                    </label>
                  </div>
                  <div
                    class="p-fluid col-8"
                  >
                    <input
                      class="p-inputtext p-component p-1"
                      id="addressLine3"
                      maxlength="255"
                      name="addressLine3"
                      value=""
                    />
                  </div>
                </div>
                <div
                  class="align-items-center py-1 row"
                >
                  <div
                    class="col-4"
                  >
                    <label
                      class="required"
                      for="country"
                    >
                      warehouse_edit_warehouse_country
                    </label>
                  </div>
                  <div
                    class="p-fluid col-8"
                  >
                    <input
                      class="p-inputtext p-component p-1"
                      id="country"
                      maxlength="255"
                      name="country"
                      value=""
                    />
                  </div>
                </div>
                <div
                  class="align-items-center py-1 row"
                >
                  <div
                    class="col-4"
                  >
                    <label
                      class=""
                      for="isActive"
                    >
                      warehouse_edit_active
                    </label>
                  </div>
                  <div
                    class="p-fluid col-8"
                  >
                    <div
                      class="p-inputswitch p-component p-inputswitch-checked p-disabled"
                    >
                      <div
                        class="p-hidden-accessible"
                      >
                        <input
                          aria-checked="true"
                          aria-label="switch"
                          checked=""
                          disabled=""
                          name="status"
                          role="switch"
                          type="checkbox"
                        />
                      </div>
                      <span
                        class="p-inputswitch-slider"
                      />
                    </div>
                  </div>
                </div>
                <div
                  class="row"
                >
                  <div
                    class="col-8 offset-4"
                  >
                    <button
                      class="me-2 btn btn-danger"
                      type="button"
                    >
                      common_confirm_cancel
                    </button>
                    <button
                      class="me-2 btn btn-success"
                      disabled=""
                      type="button"
                    >
                      common_confirm_save
                    </button>
                  </div>
                </div>
              </div>
            </form>
          </div>
        </div>
      </div>
    </div>
  </body>,
  "container": <div>
    <div
      class="card-form form-warehouse mt-3 card"
    >
      <div
        class="card-header"
      >
        <h4
          class="card-form__title"
        >
          warehouse_edit_page_title
        </h4>
      </div>
      <div
        class="card-body"
      >
        <div
          class="row"
        >
          <form
            autocomplete="on"
            class="form-layout"
          >
            <div
              class="container-fluid"
            >
              <div
                class="mb-2 row"
              >
                <div
                  class="col"
                >
                  <p
                    class="d-flex align-items-center m-0"
                  >
                    <i
                      class="mdi mdi-alert-circle fs-3 pe-1"
                    />
                    warehouse_edit_warning_message
                  </p>
                </div>
              </div>
              
              <div
                class="align-items-center py-1 row"
              >
                <div
                  class="col-4"
                >
                  <label
                    class="required"
                    for="erpId"
                  >
                    warehouse_edit_erpId
                  </label>
                </div>
                <div
                  class="p-fluid col-8"
                >
                  <input
                    class="p-inputtext p-component p-1"
                    id="erpId"
                    maxlength="64"
                    name="erpId"
                    value=""
                  />
                </div>
              </div>
              <div
                class="align-items-center py-1 row"
              >
                <div
                  class="col-4"
                >
                  <label
                    class="required"
                    for="name"
                  >
                    warehouse_edit_organization_name
                  </label>
                </div>
                <div
                  class="p-fluid col-8"
                >
                  <input
                    class="p-inputtext p-component p-1"
                    id="name"
                    maxlength="128"
                    name="name"
                    value=""
                  />
                </div>
              </div>
              <div
                class="align-items-center row"
              >
                <div
                  class="mt-3 col-12"
                >
                  <label
                    class="fs-4 fw-bold"
                    for="additionalInformation"
                  >
                    warehouse_edit_warehouse_address
                    :
                  </label>
                </div>
              </div>
              <div
                class="align-items-center py-1 row"
              >
                <div
                  class="col-4"
                >
                  <label
                    class="required"
                    for="addressLine1"
                  >
                    warehouse_edit_warehouse_addressLine1
                  </label>
                </div>
                <div
                  class="p-fluid col-8"
                >
                  <input
                    class="p-inputtext p-component p-1"
                    id="addressLine1"
                    maxlength="255"
                    name="addressLine1"
                    value=""
                  />
                </div>
              </div>
              <div
                class="align-items-center py-1 row"
              >
                <div
                  class="col-4"
                >
                  <label
                    class=""
                    for="addressLine2"
                  >
                    warehouse_edit_warehouse_addressLine2
                  </label>
                </div>
                <div
                  class="p-fluid col-8"
                >
                  <input
                    class="p-inputtext p-component p-1"
                    id="addressLine2"
                    maxlength="255"
                    name="addressLine2"
                    value=""
                  />
                </div>
              </div>
              <div
                class="align-items-center py-1 row"
              >
                <div
                  class="col-4"
                >
                  <label
                    class=""
                    for="addressLine3"
                  >
                    warehouse_edit_warehouse_addressLine3
                  </label>
                </div>
                <div
                  class="p-fluid col-8"
                >
                  <input
                    class="p-inputtext p-component p-1"
                    id="addressLine3"
                    maxlength="255"
                    name="addressLine3"
                    value=""
                  />
                </div>
              </div>
              <div
                class="align-items-center py-1 row"
              >
                <div
                  class="col-4"
                >
                  <label
                    class="required"
                    for="country"
                  >
                    warehouse_edit_warehouse_country
                  </label>
                </div>
                <div
                  class="p-fluid col-8"
                >
                  <input
                    class="p-inputtext p-component p-1"
                    id="country"
                    maxlength="255"
                    name="country"
                    value=""
                  />
                </div>
              </div>
              <div
                class="align-items-center py-1 row"
              >
                <div
                  class="col-4"
                >
                  <label
                    class=""
                    for="isActive"
                  >
                    warehouse_edit_active
                  </label>
                </div>
                <div
                  class="p-fluid col-8"
                >
                  <div
                    class="p-inputswitch p-component p-inputswitch-checked p-disabled"
                  >
                    <div
                      class="p-hidden-accessible"
                    >
                      <input
                        aria-checked="true"
                        aria-label="switch"
                        checked=""
                        disabled=""
                        name="status"
                        role="switch"
                        type="checkbox"
                      />
                    </div>
                    <span
                      class="p-inputswitch-slider"
                    />
                  </div>
                </div>
              </div>
              <div
                class="row"
              >
                <div
                  class="col-8 offset-4"
                >
                  <button
                    class="me-2 btn btn-danger"
                    type="button"
                  >
                    common_confirm_cancel
                  </button>
                  <button
                    class="me-2 btn btn-success"
                    disabled=""
                    type="button"
                  >
                    common_confirm_save
                  </button>
                </div>
              </div>
            </div>
          </form>
        </div>
      </div>
    </div>
  </div>,
  "debug": [Function],
  "findAllByAltText": [Function],
  "findAllByDisplayValue": [Function],
  "findAllByLabelText": [Function],
  "findAllByPlaceholderText": [Function],
  "findAllByRole": [Function],
  "findAllByTestId": [Function],
  "findAllByText": [Function],
  "findAllByTitle": [Function],
  "findByAltText": [Function],
  "findByDisplayValue": [Function],
  "findByLabelText": [Function],
  "findByPlaceholderText": [Function],
  "findByRole": [Function],
  "findByTestId": [Function],
  "findByText": [Function],
  "findByTitle": [Function],
  "getAllByAltText": [Function],
  "getAllByDisplayValue": [Function],
  "getAllByLabelText": [Function],
  "getAllByPlaceholderText": [Function],
  "getAllByRole": [Function],
  "getAllByTestId": [Function],
  "getAllByText": [Function],
  "getAllByTitle": [Function],
  "getByAltText": [Function],
  "getByDisplayValue": [Function],
  "getByLabelText": [Function],
  "getByPlaceholderText": [Function],
  "getByRole": [Function],
  "getByTestId": [Function],
  "getByText": [Function],
  "getByTitle": [Function],
  "queryAllByAltText": [Function],
  "queryAllByDisplayValue": [Function],
  "queryAllByLabelText": [Function],
  "queryAllByPlaceholderText": [Function],
  "queryAllByRole": [Function],
  "queryAllByTestId": [Function],
  "queryAllByText": [Function],
  "queryAllByTitle": [Function],
  "queryByAltText": [Function],
  "queryByDisplayValue": [Function],
  "queryByLabelText": [Function],
  "queryByPlaceholderText": [Function],
  "queryByRole": [Function],
  "queryByTestId": [Function],
  "queryByText": [Function],
  "queryByTitle": [Function],
  "rerender": [Function],
  "unmount": [Function],
}
`;
