// Jest Snapshot v1, https://goo.gl/fbAQLP

exports[`renders LayoutTypes 1`] = `
Object {
  "asFragment": [Function],
  "baseElement": <body>
    <div>
      <h5
        class="mt-3"
      >
        Layout
      </h5>
      <hr
        class="mt-1"
      />
      <div
        class="form-check form-switch mb-1 form-check"
      >
        <input
          class="form-check-input"
          id="vertical-layout"
          name="layout-type"
          type="radio"
          value="vertical"
        />
        <label
          class="form-check-label"
          for="vertical-layout"
        >
          Vertical Layout
        </label>
      </div>
      <div
        class="form-check form-switch mb-1 form-check"
      >
        <input
          class="form-check-input"
          id="horizontal-layout"
          name="layout-type"
          type="radio"
          value="topnav"
        />
        <label
          class="form-check-label"
          for="horizontal-layout"
        >
          Horizontal Layout
        </label>
      </div>
      <div
        class="form-check form-switch mb-1 form-check"
      >
        <input
          class="form-check-input"
          id="detached-layout"
          name="layout-type"
          type="radio"
          value="detached"
        />
        <label
          class="form-check-label"
          for="detached-layout"
        >
          Detached Layout
        </label>
      </div>
      <div
        class="form-check form-switch mb-1 form-check"
      >
        <input
          class="form-check-input"
          id="full-mode-layout"
          name="layout-type"
          type="radio"
          value="full"
        />
        <label
          class="form-check-label"
          for="full-mode-layout"
        >
          Full Layout
        </label>
      </div>
    </div>
  </body>,
  "container": <div>
    <h5
      class="mt-3"
    >
      Layout
    </h5>
    <hr
      class="mt-1"
    />
    <div
      class="form-check form-switch mb-1 form-check"
    >
      <input
        class="form-check-input"
        id="vertical-layout"
        name="layout-type"
        type="radio"
        value="vertical"
      />
      <label
        class="form-check-label"
        for="vertical-layout"
      >
        Vertical Layout
      </label>
    </div>
    <div
      class="form-check form-switch mb-1 form-check"
    >
      <input
        class="form-check-input"
        id="horizontal-layout"
        name="layout-type"
        type="radio"
        value="topnav"
      />
      <label
        class="form-check-label"
        for="horizontal-layout"
      >
        Horizontal Layout
      </label>
    </div>
    <div
      class="form-check form-switch mb-1 form-check"
    >
      <input
        class="form-check-input"
        id="detached-layout"
        name="layout-type"
        type="radio"
        value="detached"
      />
      <label
        class="form-check-label"
        for="detached-layout"
      >
        Detached Layout
      </label>
    </div>
    <div
      class="form-check form-switch mb-1 form-check"
    >
      <input
        class="form-check-input"
        id="full-mode-layout"
        name="layout-type"
        type="radio"
        value="full"
      />
      <label
        class="form-check-label"
        for="full-mode-layout"
      >
        Full Layout
      </label>
    </div>
  </div>,
  "debug": [Function],
  "findAllByAltText": [Function],
  "findAllByDisplayValue": [Function],
  "findAllByLabelText": [Function],
  "findAllByPlaceholderText": [Function],
  "findAllByRole": [Function],
  "findAllByTestId": [Function],
  "findAllByText": [Function],
  "findAllByTitle": [Function],
  "findByAltText": [Function],
  "findByDisplayValue": [Function],
  "findByLabelText": [Function],
  "findByPlaceholderText": [Function],
  "findByRole": [Function],
  "findByTestId": [Function],
  "findByText": [Function],
  "findByTitle": [Function],
  "getAllByAltText": [Function],
  "getAllByDisplayValue": [Function],
  "getAllByLabelText": [Function],
  "getAllByPlaceholderText": [Function],
  "getAllByRole": [Function],
  "getAllByTestId": [Function],
  "getAllByText": [Function],
  "getAllByTitle": [Function],
  "getByAltText": [Function],
  "getByDisplayValue": [Function],
  "getByLabelText": [Function],
  "getByPlaceholderText": [Function],
  "getByRole": [Function],
  "getByTestId": [Function],
  "getByText": [Function],
  "getByTitle": [Function],
  "queryAllByAltText": [Function],
  "queryAllByDisplayValue": [Function],
  "queryAllByLabelText": [Function],
  "queryAllByPlaceholderText": [Function],
  "queryAllByRole": [Function],
  "queryAllByTestId": [Function],
  "queryAllByText": [Function],
  "queryAllByTitle": [Function],
  "queryByAltText": [Function],
  "queryByDisplayValue": [Function],
  "queryByLabelText": [Function],
  "queryByPlaceholderText": [Function],
  "queryByRole": [Function],
  "queryByTestId": [Function],
  "queryByText": [Function],
  "queryByTitle": [Function],
  "rerender": [Function],
  "unmount": [Function],
}
`;
