// Jest Snapshot v1, https://goo.gl/fbAQLP

exports[`renders LeftSideBarType 1`] = `
Object {
  "asFragment": [Function],
  "baseElement": <body>
    <div>
      <div
        class="form-check form-switch mb-1 mt-3 form-check"
      >
        <input
          class="form-check-input"
          id="default-check"
          name="leftsidebar-size"
          type="radio"
          value="fixed"
        />
        <label
          class="form-check-label"
          for="default-check"
        >
          Fixed
        </label>
      </div>
      <div
        class="form-check form-switch mb-1 form-check"
      >
        <input
          class="form-check-input"
          id="condensed-check"
          name="leftsidebar-size"
          type="radio"
          value="condensed"
        />
        <label
          class="form-check-label"
          for="condensed-check"
        >
          Condensed
        </label>
      </div>
      <div
        class="form-check form-switch mb-1 form-check"
      >
        <input
          class="form-check-input"
          id="compact-check"
          name="leftsidebar-size"
          type="radio"
          value="scrollable"
        />
        <label
          class="form-check-label"
          for="compact-check"
        >
          Scrollable
        </label>
      </div>
    </div>
  </body>,
  "container": <div>
    <div
      class="form-check form-switch mb-1 mt-3 form-check"
    >
      <input
        class="form-check-input"
        id="default-check"
        name="leftsidebar-size"
        type="radio"
        value="fixed"
      />
      <label
        class="form-check-label"
        for="default-check"
      >
        Fixed
      </label>
    </div>
    <div
      class="form-check form-switch mb-1 form-check"
    >
      <input
        class="form-check-input"
        id="condensed-check"
        name="leftsidebar-size"
        type="radio"
        value="condensed"
      />
      <label
        class="form-check-label"
        for="condensed-check"
      >
        Condensed
      </label>
    </div>
    <div
      class="form-check form-switch mb-1 form-check"
    >
      <input
        class="form-check-input"
        id="compact-check"
        name="leftsidebar-size"
        type="radio"
        value="scrollable"
      />
      <label
        class="form-check-label"
        for="compact-check"
      >
        Scrollable
      </label>
    </div>
  </div>,
  "debug": [Function],
  "findAllByAltText": [Function],
  "findAllByDisplayValue": [Function],
  "findAllByLabelText": [Function],
  "findAllByPlaceholderText": [Function],
  "findAllByRole": [Function],
  "findAllByTestId": [Function],
  "findAllByText": [Function],
  "findAllByTitle": [Function],
  "findByAltText": [Function],
  "findByDisplayValue": [Function],
  "findByLabelText": [Function],
  "findByPlaceholderText": [Function],
  "findByRole": [Function],
  "findByTestId": [Function],
  "findByText": [Function],
  "findByTitle": [Function],
  "getAllByAltText": [Function],
  "getAllByDisplayValue": [Function],
  "getAllByLabelText": [Function],
  "getAllByPlaceholderText": [Function],
  "getAllByRole": [Function],
  "getAllByTestId": [Function],
  "getAllByText": [Function],
  "getAllByTitle": [Function],
  "getByAltText": [Function],
  "getByDisplayValue": [Function],
  "getByLabelText": [Function],
  "getByPlaceholderText": [Function],
  "getByRole": [Function],
  "getByTestId": [Function],
  "getByText": [Function],
  "getByTitle": [Function],
  "queryAllByAltText": [Function],
  "queryAllByDisplayValue": [Function],
  "queryAllByLabelText": [Function],
  "queryAllByPlaceholderText": [Function],
  "queryAllByRole": [Function],
  "queryAllByTestId": [Function],
  "queryAllByText": [Function],
  "queryAllByTitle": [Function],
  "queryByAltText": [Function],
  "queryByDisplayValue": [Function],
  "queryByLabelText": [Function],
  "queryByPlaceholderText": [Function],
  "queryByRole": [Function],
  "queryByTestId": [Function],
  "queryByText": [Function],
  "queryByTitle": [Function],
  "rerender": [Function],
  "unmount": [Function],
}
`;
