// Jest Snapshot v1, https://goo.gl/fbAQLP

exports[`renders LeftSideBarTheme 1`] = `
Object {
  "asFragment": [Function],
  "baseElement": <body>
    <div>
      <h5
        class="mt-4"
      >
        layout_left_side_color
      </h5>
      <hr
        class="mt-1"
      />
      <div
        class="form-check form-switch mb-1 form-check"
      >
        <input
          aria-label="toggle-left-sidebar-color"
          class="form-check-input"
          id="brand-check"
          name="theme"
          type="radio"
          value="default"
        />
        <label
          class="form-check-label"
          for="brand-check"
        >
          layout_left_side_color_default
        </label>
      </div>
      <div
        class="form-check form-switch mb-1 form-check"
      >
        <input
          aria-label="toggle-left-sidebar-color"
          checked=""
          class="form-check-input"
          id="light-check"
          name="theme"
          type="radio"
          value="light"
        />
        <label
          class="form-check-label"
          for="light-check"
        >
          layout_left_side_color_light
        </label>
      </div>
      <div
        class="form-check form-switch mb-1 form-check"
      >
        <input
          aria-label="toggle-left-sidebar-color"
          class="form-check-input"
          id="dark-check"
          name="theme"
          type="radio"
          value="dark"
        />
        <label
          class="form-check-label"
          for="dark-check"
        >
          layout_left_side_color_dark
        </label>
      </div>
    </div>
  </body>,
  "container": <div>
    <h5
      class="mt-4"
    >
      layout_left_side_color
    </h5>
    <hr
      class="mt-1"
    />
    <div
      class="form-check form-switch mb-1 form-check"
    >
      <input
        aria-label="toggle-left-sidebar-color"
        class="form-check-input"
        id="brand-check"
        name="theme"
        type="radio"
        value="default"
      />
      <label
        class="form-check-label"
        for="brand-check"
      >
        layout_left_side_color_default
      </label>
    </div>
    <div
      class="form-check form-switch mb-1 form-check"
    >
      <input
        aria-label="toggle-left-sidebar-color"
        checked=""
        class="form-check-input"
        id="light-check"
        name="theme"
        type="radio"
        value="light"
      />
      <label
        class="form-check-label"
        for="light-check"
      >
        layout_left_side_color_light
      </label>
    </div>
    <div
      class="form-check form-switch mb-1 form-check"
    >
      <input
        aria-label="toggle-left-sidebar-color"
        class="form-check-input"
        id="dark-check"
        name="theme"
        type="radio"
        value="dark"
      />
      <label
        class="form-check-label"
        for="dark-check"
      >
        layout_left_side_color_dark
      </label>
    </div>
  </div>,
  "debug": [Function],
  "findAllByAltText": [Function],
  "findAllByDisplayValue": [Function],
  "findAllByLabelText": [Function],
  "findAllByPlaceholderText": [Function],
  "findAllByRole": [Function],
  "findAllByTestId": [Function],
  "findAllByText": [Function],
  "findAllByTitle": [Function],
  "findByAltText": [Function],
  "findByDisplayValue": [Function],
  "findByLabelText": [Function],
  "findByPlaceholderText": [Function],
  "findByRole": [Function],
  "findByTestId": [Function],
  "findByText": [Function],
  "findByTitle": [Function],
  "getAllByAltText": [Function],
  "getAllByDisplayValue": [Function],
  "getAllByLabelText": [Function],
  "getAllByPlaceholderText": [Function],
  "getAllByRole": [Function],
  "getAllByTestId": [Function],
  "getAllByText": [Function],
  "getAllByTitle": [Function],
  "getByAltText": [Function],
  "getByDisplayValue": [Function],
  "getByLabelText": [Function],
  "getByPlaceholderText": [Function],
  "getByRole": [Function],
  "getByTestId": [Function],
  "getByText": [Function],
  "getByTitle": [Function],
  "queryAllByAltText": [Function],
  "queryAllByDisplayValue": [Function],
  "queryAllByLabelText": [Function],
  "queryAllByPlaceholderText": [Function],
  "queryAllByRole": [Function],
  "queryAllByTestId": [Function],
  "queryAllByText": [Function],
  "queryAllByTitle": [Function],
  "queryByAltText": [Function],
  "queryByDisplayValue": [Function],
  "queryByLabelText": [Function],
  "queryByPlaceholderText": [Function],
  "queryByRole": [Function],
  "queryByTestId": [Function],
  "queryByText": [Function],
  "queryByTitle": [Function],
  "rerender": [Function],
  "unmount": [Function],
}
`;
