// Jest Snapshot v1, https://goo.gl/fbAQLP

exports[`should match snapshot with successfully data from api 1`] = `
Object {
  "asFragment": [Function],
  "baseElement": <body>
    <div>
      <div
        class="card-form mt-3 card"
      >
        <div
          class="card-header"
        >
          <h4
            class="card-form__title"
          >
            product_detail_title
          </h4>
        </div>
        <div
          class="card-body"
        >
          <form
            autocomplete="on"
            class="form-layout"
          >
            <div
              class="row"
            >
              <div
                class="container-fluid"
              >
                <div
                  class="align-items-center py-1 row"
                >
                  <div
                    class="col-4"
                  >
                    <label
                      for="organizationErpId"
                    >
                      product_detail_organizationErpId
                    </label>
                  </div>
                  <div
                    class="p-fluid col-8"
                  >
                    <input
                      aria-label="input-text"
                      class="p-inputtext p-component p-disabled w-full p-1"
                      disabled=""
                      id="organizationErpId"
                      name="organizationErpId"
                      value=""
                    />
                  </div>
                </div>
              </div>
            </div>
            <div
              class="row"
            >
              <div
                class="container-fluid"
              >
                <div
                  class="align-items-center py-1 row"
                >
                  <div
                    class="col-4"
                  >
                    <label
                      for="organizationName"
                    >
                      product_detail_organizationName
                    </label>
                  </div>
                  <div
                    class="p-fluid col-8"
                  >
                    <input
                      aria-label="input-text"
                      class="p-inputtext p-component p-disabled w-full p-1"
                      disabled=""
                      id="organizationName"
                      name="organizationName"
                      value=""
                    />
                  </div>
                </div>
              </div>
            </div>
            <div
              class="row"
            >
              <div
                class="container-fluid"
              >
                <div
                  class="align-items-center py-1 row"
                >
                  <div
                    class="col-4"
                  >
                    <label
                      for="id"
                    >
                      product_detail_productId
                    </label>
                  </div>
                  <div
                    class="p-fluid col-8"
                  >
                    <input
                      aria-label="input-text"
                      class="p-inputtext p-component p-disabled w-full p-1"
                      disabled=""
                      id="id"
                      name="id"
                      value=""
                    />
                  </div>
                </div>
              </div>
            </div>
            <div
              class="row"
            >
              <div
                class="container-fluid"
              >
                <div
                  class="align-items-center py-1 row"
                >
                  <div
                    class="col-4"
                  >
                    <label
                      for="erpId"
                    >
                      product_detail_productErpId
                    </label>
                  </div>
                  <div
                    class="p-fluid col-8"
                  >
                    <input
                      aria-label="input-text"
                      class="p-inputtext p-component p-disabled w-full p-1"
                      disabled=""
                      id="erpId"
                      name="erpId"
                      value=""
                    />
                  </div>
                </div>
              </div>
            </div>
            <div
              class="row"
            >
              <div
                class="container-fluid"
              >
                <div
                  class="align-items-center py-1 row"
                >
                  <div
                    class="col-4"
                  >
                    <label
                      class="required"
                      for="name"
                    >
                      product_detail_productName
                    </label>
                  </div>
                  <div
                    class="p-fluid col-8"
                  >
                    <input
                      aria-label="input-text"
                      class="p-inputtext p-component w-full p-1"
                      id="name"
                      maxlength="255"
                      name="name"
                      value=""
                    />
                  </div>
                </div>
              </div>
            </div>
            <div
              class="mt-4 row"
            >
              <div
                class="container-fluid"
              >
                <div
                  class="bg-nav-pills nav nav-pills nav-justified"
                  role="tablist"
                >
                  <div
                    class="nav-item"
                  >
                    <a
                      aria-controls="react-aria2064558450-1-tabpane-product_detail_tab_generic_properties"
                      aria-selected="true"
                      class="nav-link active"
                      data-rr-ui-event-key="product_detail_tab_generic_properties"
                      href="/"
                      id="react-aria2064558450-1-tab-product_detail_tab_generic_properties"
                      role="tab"
                    >
                      <i
                        class="d-md-none d-block me-1"
                      />
                      <span
                        class="d-none d-md-block"
                      >
                        product_detail_tab_generic_properties
                      </span>
                    </a>
                  </div>
                  <div
                    class="nav-item"
                  >
                    <a
                      aria-selected="false"
                      class="nav-link"
                      data-rr-ui-event-key="product_detail_tab_locale_properties"
                      href="/"
                      id="react-aria2064558450-1-tab-product_detail_tab_locale_properties"
                      role="tab"
                      tabindex="-1"
                    >
                      <i
                        class="d-md-none d-block me-1"
                      />
                      <span
                        class="d-none d-md-block"
                      >
                        product_detail_tab_locale_properties
                      </span>
                    </a>
                  </div>
                  <div
                    class="nav-item"
                  >
                    <a
                      aria-selected="false"
                      class="nav-link"
                      data-rr-ui-event-key="product_detail_tab_stockLevel"
                      href="/"
                      id="react-aria2064558450-1-tab-product_detail_tab_stockLevel"
                      role="tab"
                      tabindex="-1"
                    >
                      <i
                        class="d-md-none d-block me-1"
                      />
                      <span
                        class="d-none d-md-block"
                      >
                        product_detail_tab_stockLevel
                      </span>
                    </a>
                  </div>
                  <div
                    class="nav-item"
                  >
                    <a
                      aria-selected="false"
                      class="nav-link"
                      data-rr-ui-event-key="product_detail_tab_price"
                      href="/"
                      id="react-aria2064558450-1-tab-product_detail_tab_price"
                      role="tab"
                      tabindex="-1"
                    >
                      <i
                        class="d-md-none d-block me-1"
                      />
                      <span
                        class="d-none d-md-block"
                      >
                        product_detail_tab_price
                      </span>
                    </a>
                  </div>
                  <div
                    class="nav-item"
                  >
                    <a
                      aria-selected="false"
                      class="nav-link"
                      data-rr-ui-event-key="product_detail_tab_marketplace"
                      href="/"
                      id="react-aria2064558450-1-tab-product_detail_tab_marketplace"
                      role="tab"
                      tabindex="-1"
                    >
                      <i
                        class="d-md-none d-block me-1"
                      />
                      <span
                        class="d-none d-md-block"
                      >
                        product_detail_tab_marketplace
                      </span>
                    </a>
                  </div>
                </div>
                <div
                  class="tab-content"
                >
                  <div
                    aria-labelledby="react-aria2064558450-1-tab-product_detail_tab_generic_properties"
                    class="fade tab-pane active show"
                    id="react-aria2064558450-1-tabpane-product_detail_tab_generic_properties"
                    role="tabpanel"
                  >
                    <br />
                    <div
                      class="d-flex justify-content-end"
                    >
                      <button
                        class="btn btn-info"
                        type="button"
                      >
                        <i
                          class="pi pi-plus"
                        />
                         
                        <span>
                          product_detail_tab_generic_properties_add_label
                        </span>
                      </button>
                    </div>
                  </div>
                </div>
              </div>
            </div>
            <div
              class="mt-4 row"
            >
              <div
                class="col"
              >
                <div
                  class="d-flex justify-content-between"
                >
                  <button
                    class="me-2 btn btn-danger"
                    type="button"
                  >
                    common_confirm_cancel
                  </button>
                  <button
                    class="me-2 btn btn-success"
                    disabled=""
                    type="button"
                  >
                    common_confirm_save
                  </button>
                </div>
              </div>
            </div>
          </form>
        </div>
      </div>
    </div>
  </body>,
  "container": <div>
    <div
      class="card-form mt-3 card"
    >
      <div
        class="card-header"
      >
        <h4
          class="card-form__title"
        >
          product_detail_title
        </h4>
      </div>
      <div
        class="card-body"
      >
        <form
          autocomplete="on"
          class="form-layout"
        >
          <div
            class="row"
          >
            <div
              class="container-fluid"
            >
              <div
                class="align-items-center py-1 row"
              >
                <div
                  class="col-4"
                >
                  <label
                    for="organizationErpId"
                  >
                    product_detail_organizationErpId
                  </label>
                </div>
                <div
                  class="p-fluid col-8"
                >
                  <input
                    aria-label="input-text"
                    class="p-inputtext p-component p-disabled w-full p-1"
                    disabled=""
                    id="organizationErpId"
                    name="organizationErpId"
                    value=""
                  />
                </div>
              </div>
            </div>
          </div>
          <div
            class="row"
          >
            <div
              class="container-fluid"
            >
              <div
                class="align-items-center py-1 row"
              >
                <div
                  class="col-4"
                >
                  <label
                    for="organizationName"
                  >
                    product_detail_organizationName
                  </label>
                </div>
                <div
                  class="p-fluid col-8"
                >
                  <input
                    aria-label="input-text"
                    class="p-inputtext p-component p-disabled w-full p-1"
                    disabled=""
                    id="organizationName"
                    name="organizationName"
                    value=""
                  />
                </div>
              </div>
            </div>
          </div>
          <div
            class="row"
          >
            <div
              class="container-fluid"
            >
              <div
                class="align-items-center py-1 row"
              >
                <div
                  class="col-4"
                >
                  <label
                    for="id"
                  >
                    product_detail_productId
                  </label>
                </div>
                <div
                  class="p-fluid col-8"
                >
                  <input
                    aria-label="input-text"
                    class="p-inputtext p-component p-disabled w-full p-1"
                    disabled=""
                    id="id"
                    name="id"
                    value=""
                  />
                </div>
              </div>
            </div>
          </div>
          <div
            class="row"
          >
            <div
              class="container-fluid"
            >
              <div
                class="align-items-center py-1 row"
              >
                <div
                  class="col-4"
                >
                  <label
                    for="erpId"
                  >
                    product_detail_productErpId
                  </label>
                </div>
                <div
                  class="p-fluid col-8"
                >
                  <input
                    aria-label="input-text"
                    class="p-inputtext p-component p-disabled w-full p-1"
                    disabled=""
                    id="erpId"
                    name="erpId"
                    value=""
                  />
                </div>
              </div>
            </div>
          </div>
          <div
            class="row"
          >
            <div
              class="container-fluid"
            >
              <div
                class="align-items-center py-1 row"
              >
                <div
                  class="col-4"
                >
                  <label
                    class="required"
                    for="name"
                  >
                    product_detail_productName
                  </label>
                </div>
                <div
                  class="p-fluid col-8"
                >
                  <input
                    aria-label="input-text"
                    class="p-inputtext p-component w-full p-1"
                    id="name"
                    maxlength="255"
                    name="name"
                    value=""
                  />
                </div>
              </div>
            </div>
          </div>
          <div
            class="mt-4 row"
          >
            <div
              class="container-fluid"
            >
              <div
                class="bg-nav-pills nav nav-pills nav-justified"
                role="tablist"
              >
                <div
                  class="nav-item"
                >
                  <a
                    aria-controls="react-aria2064558450-1-tabpane-product_detail_tab_generic_properties"
                    aria-selected="true"
                    class="nav-link active"
                    data-rr-ui-event-key="product_detail_tab_generic_properties"
                    href="/"
                    id="react-aria2064558450-1-tab-product_detail_tab_generic_properties"
                    role="tab"
                  >
                    <i
                      class="d-md-none d-block me-1"
                    />
                    <span
                      class="d-none d-md-block"
                    >
                      product_detail_tab_generic_properties
                    </span>
                  </a>
                </div>
                <div
                  class="nav-item"
                >
                  <a
                    aria-selected="false"
                    class="nav-link"
                    data-rr-ui-event-key="product_detail_tab_locale_properties"
                    href="/"
                    id="react-aria2064558450-1-tab-product_detail_tab_locale_properties"
                    role="tab"
                    tabindex="-1"
                  >
                    <i
                      class="d-md-none d-block me-1"
                    />
                    <span
                      class="d-none d-md-block"
                    >
                      product_detail_tab_locale_properties
                    </span>
                  </a>
                </div>
                <div
                  class="nav-item"
                >
                  <a
                    aria-selected="false"
                    class="nav-link"
                    data-rr-ui-event-key="product_detail_tab_stockLevel"
                    href="/"
                    id="react-aria2064558450-1-tab-product_detail_tab_stockLevel"
                    role="tab"
                    tabindex="-1"
                  >
                    <i
                      class="d-md-none d-block me-1"
                    />
                    <span
                      class="d-none d-md-block"
                    >
                      product_detail_tab_stockLevel
                    </span>
                  </a>
                </div>
                <div
                  class="nav-item"
                >
                  <a
                    aria-selected="false"
                    class="nav-link"
                    data-rr-ui-event-key="product_detail_tab_price"
                    href="/"
                    id="react-aria2064558450-1-tab-product_detail_tab_price"
                    role="tab"
                    tabindex="-1"
                  >
                    <i
                      class="d-md-none d-block me-1"
                    />
                    <span
                      class="d-none d-md-block"
                    >
                      product_detail_tab_price
                    </span>
                  </a>
                </div>
                <div
                  class="nav-item"
                >
                  <a
                    aria-selected="false"
                    class="nav-link"
                    data-rr-ui-event-key="product_detail_tab_marketplace"
                    href="/"
                    id="react-aria2064558450-1-tab-product_detail_tab_marketplace"
                    role="tab"
                    tabindex="-1"
                  >
                    <i
                      class="d-md-none d-block me-1"
                    />
                    <span
                      class="d-none d-md-block"
                    >
                      product_detail_tab_marketplace
                    </span>
                  </a>
                </div>
              </div>
              <div
                class="tab-content"
              >
                <div
                  aria-labelledby="react-aria2064558450-1-tab-product_detail_tab_generic_properties"
                  class="fade tab-pane active show"
                  id="react-aria2064558450-1-tabpane-product_detail_tab_generic_properties"
                  role="tabpanel"
                >
                  <br />
                  <div
                    class="d-flex justify-content-end"
                  >
                    <button
                      class="btn btn-info"
                      type="button"
                    >
                      <i
                        class="pi pi-plus"
                      />
                       
                      <span>
                        product_detail_tab_generic_properties_add_label
                      </span>
                    </button>
                  </div>
                </div>
              </div>
            </div>
          </div>
          <div
            class="mt-4 row"
          >
            <div
              class="col"
            >
              <div
                class="d-flex justify-content-between"
              >
                <button
                  class="me-2 btn btn-danger"
                  type="button"
                >
                  common_confirm_cancel
                </button>
                <button
                  class="me-2 btn btn-success"
                  disabled=""
                  type="button"
                >
                  common_confirm_save
                </button>
              </div>
            </div>
          </div>
        </form>
      </div>
    </div>
  </div>,
  "debug": [Function],
  "findAllByAltText": [Function],
  "findAllByDisplayValue": [Function],
  "findAllByLabelText": [Function],
  "findAllByPlaceholderText": [Function],
  "findAllByRole": [Function],
  "findAllByTestId": [Function],
  "findAllByText": [Function],
  "findAllByTitle": [Function],
  "findByAltText": [Function],
  "findByDisplayValue": [Function],
  "findByLabelText": [Function],
  "findByPlaceholderText": [Function],
  "findByRole": [Function],
  "findByTestId": [Function],
  "findByText": [Function],
  "findByTitle": [Function],
  "getAllByAltText": [Function],
  "getAllByDisplayValue": [Function],
  "getAllByLabelText": [Function],
  "getAllByPlaceholderText": [Function],
  "getAllByRole": [Function],
  "getAllByTestId": [Function],
  "getAllByText": [Function],
  "getAllByTitle": [Function],
  "getByAltText": [Function],
  "getByDisplayValue": [Function],
  "getByLabelText": [Function],
  "getByPlaceholderText": [Function],
  "getByRole": [Function],
  "getByTestId": [Function],
  "getByText": [Function],
  "getByTitle": [Function],
  "queryAllByAltText": [Function],
  "queryAllByDisplayValue": [Function],
  "queryAllByLabelText": [Function],
  "queryAllByPlaceholderText": [Function],
  "queryAllByRole": [Function],
  "queryAllByTestId": [Function],
  "queryAllByText": [Function],
  "queryAllByTitle": [Function],
  "queryByAltText": [Function],
  "queryByDisplayValue": [Function],
  "queryByLabelText": [Function],
  "queryByPlaceholderText": [Function],
  "queryByRole": [Function],
  "queryByTestId": [Function],
  "queryByText": [Function],
  "queryByTitle": [Function],
  "rerender": [Function],
  "unmount": [Function],
}
`;
