// Jest Snapshot v1, https://goo.gl/fbAQLP

exports[`renders PaginatorGroup 1`] = `
Object {
  "asFragment": [Function],
  "baseElement": <body>
    <div>
      <div
        class="paginator-demo"
      >
        <div
          class="card"
        >
          <h5>
            Basic
          </h5>
          <div
            class="p-paginator p-component"
          >
            <button
              class="p-paginator-first p-paginator-element p-link p-disabled"
              disabled=""
              type="button"
            >
              <span
                class="p-paginator-icon pi pi-angle-double-left"
              />
            </button>
            <button
              class="p-paginator-prev p-paginator-element p-link p-disabled"
              disabled=""
              type="button"
            >
              <span
                class="p-paginator-icon pi pi-angle-left"
              />
            </button>
            <span
              class="p-paginator-pages"
            >
              <button
                class="p-paginator-page p-paginator-element p-link p-paginator-page-start p-highlight"
                type="button"
              >
                1
              </button>
              <button
                class="p-paginator-page p-paginator-element p-link"
                type="button"
              >
                2
              </button>
              <button
                class="p-paginator-page p-paginator-element p-link"
                type="button"
              >
                3
              </button>
              <button
                class="p-paginator-page p-paginator-element p-link"
                type="button"
              >
                4
              </button>
              <button
                class="p-paginator-page p-paginator-element p-link p-paginator-page-end"
                type="button"
              >
                5
              </button>
            </span>
            <button
              class="p-paginator-next p-paginator-element p-link"
              type="button"
            >
              <span
                class="p-paginator-icon pi pi-angle-right"
              />
            </button>
            <button
              class="p-paginator-last p-paginator-element p-link"
              type="button"
            >
              <span
                class="p-paginator-icon pi pi-angle-double-right"
              />
            </button>
            <div
              class="p-dropdown p-component p-inputwrapper p-inputwrapper-filled"
            >
              <div
                class="p-hidden-accessible"
              >
                <input
                  aria-haspopup="listbox"
                  readonly=""
                  type="text"
                />
              </div>
              <div
                class="p-hidden-accessible p-dropdown-hidden-select"
              >
                <select
                  aria-hidden="true"
                  tabindex="-1"
                >
                  <option
                    value=""
                  />
                  <option
                    value="10"
                  >
                    10
                  </option>
                </select>
              </div>
              <span
                class="p-dropdown-label p-inputtext"
              >
                10
              </span>
              <div
                aria-expanded="false"
                aria-haspopup="listbox"
                class="p-dropdown-trigger"
                role="button"
              >
                <span
                  class="p-dropdown-trigger-icon p-clickable pi pi-chevron-down"
                />
              </div>
            </div>
          </div>
          <br />
          <h5>
            Custom Template
          </h5>
          <div
            class="p-paginator p-component"
          >
            <button
              class="p-paginator-prev p-paginator-element p-link p-disabled"
              disabled=""
              type="button"
            >
              <span
                class="p-3"
              >
                organization_paginator_previous
              </span>
            </button>
            <span
              class="p-paginator-pages"
            >
              <button
                class="p-paginator-page p-paginator-element p-link p-paginator-page-start p-highlight"
                type="button"
              >
                1
              </button>
              <button
                class="p-paginator-page p-paginator-element p-link"
                type="button"
              >
                2
              </button>
              <button
                class="p-paginator-page p-paginator-element p-link"
                type="button"
              >
                3
              </button>
              <button
                class="p-paginator-page p-paginator-element p-link"
                type="button"
              >
                4
              </button>
              <span
                class="p-paginator-page p-paginator-element p-link p-paginator-page-end p-disabled"
                style="user-select: none;"
              >
                ...
              </span>
            </span>
            <button
              class="p-paginator-next p-paginator-element p-link"
              type="button"
            >
              <span
                class="p-3"
              >
                organization_paginator_next
              </span>
            </button>
            <div
              class="p-dropdown p-component p-inputwrapper p-inputwrapper-filled"
            >
              <div
                class="p-hidden-accessible"
              >
                <input
                  aria-haspopup="listbox"
                  readonly=""
                  type="text"
                />
              </div>
              <div
                class="p-hidden-accessible p-dropdown-hidden-select"
              >
                <select
                  aria-hidden="true"
                  tabindex="-1"
                >
                  <option
                    value=""
                  />
                  <option
                    value="10"
                  >
                    10
                  </option>
                </select>
              </div>
              <span
                class="p-dropdown-label p-inputtext"
              >
                10
              </span>
              <div
                aria-expanded="false"
                aria-haspopup="listbox"
                class="p-dropdown-trigger"
                role="button"
              >
                <span
                  class="p-dropdown-trigger-icon p-clickable pi pi-chevron-down"
                />
              </div>
            </div>
            <span
              class="mx-3"
              style="user-select: none;"
            >
              organization_paginator_page_goto
              <input
                class="p-inputtext p-component p-filled ml-1"
                size="2"
                value="1"
              />
            </span>
          </div>
          <div
            class="p-paginator p-component justify-content-end my-3"
          >
            <span
              class="mx-1"
              style="user-select: none;"
            >
              organization_paginator_page_items
              :
               
            </span>
            <div
              class="p-dropdown p-component p-inputwrapper p-inputwrapper-filled"
            >
              <div
                class="p-hidden-accessible"
              >
                <input
                  aria-haspopup="listbox"
                  readonly=""
                  type="text"
                />
              </div>
              <div
                class="p-hidden-accessible p-dropdown-hidden-select"
              >
                <select
                  aria-hidden="true"
                  tabindex="-1"
                >
                  <option
                    value=""
                  />
                  <option
                    value="10"
                  >
                    10
                  </option>
                </select>
              </div>
              <span
                class="p-dropdown-label p-inputtext"
              >
                10
              </span>
              <div
                aria-expanded="false"
                aria-haspopup="listbox"
                class="p-dropdown-trigger"
                role="button"
              >
                <span
                  class="p-dropdown-trigger-icon p-clickable pi pi-chevron-down"
                />
              </div>
            </div>
            <span
              style="user-select: none; width: 120px; text-align: center;"
            >
              1
               - 
              10
               of 
              120
            </span>
            <button
              class="p-paginator-prev p-paginator-element p-link p-disabled"
              disabled=""
              type="button"
            >
              <span
                class="p-paginator-icon pi pi-angle-left"
              />
            </button>
            <button
              class="p-paginator-next p-paginator-element p-link"
              type="button"
            >
              <span
                class="p-paginator-icon pi pi-angle-right"
              />
            </button>
          </div>
          <div
            class="p-paginator p-component justify-content-start my-3"
          >
            <div
              class="d-flex align-items-center"
            >
              <span
                class="mr-3"
                style="user-select: none;"
              >
                organization_paginator_page_items
                :
                 
              </span>
              <div
                class="p-slider p-component slider p-slider-horizontal"
                style="width: 10rem;"
              >
                <span
                  class="p-slider-range"
                  style="width: 0%;"
                />
                <span
                  aria-valuemax="120"
                  aria-valuemin="10"
                  class="p-slider-handle"
                  role="slider"
                  style="left: 0%;"
                  tabindex="0"
                />
              </div>
            </div>
            <button
              class="p-paginator-prev p-paginator-element p-link p-disabled"
              disabled=""
              type="button"
            >
              <span
                class="p-paginator-icon pi pi-angle-left"
              />
            </button>
            <span
              class="p-paginator-pages"
            >
              <button
                class="p-paginator-page p-paginator-element p-link p-paginator-page-start p-highlight"
                type="button"
              >
                1
              </button>
              <button
                class="p-paginator-page p-paginator-element p-link"
                type="button"
              >
                2
              </button>
              <button
                class="p-paginator-page p-paginator-element p-link"
                type="button"
              >
                3
              </button>
              <button
                class="p-paginator-page p-paginator-element p-link"
                type="button"
              >
                4
              </button>
              <button
                class="p-paginator-page p-paginator-element p-link p-paginator-page-end"
                type="button"
              >
                5
              </button>
            </span>
            <button
              class="p-paginator-next p-paginator-element p-link"
              type="button"
            >
              <span
                class="p-paginator-icon pi pi-angle-right"
              />
            </button>
            <span
              style="user-select: none; width: 120px; text-align: center;"
            >
              1
               - 
              10
               of 
              120
            </span>
          </div>
          <h5>
            Left and Right Content
          </h5>
          <div
            class="p-paginator p-component"
          >
            <div
              class="p-paginator-left-content"
            >
              <button
                class="p-button p-component p-button-icon-only"
                type="button"
              >
                <span
                  class="p-button-icon p-c pi pi-refresh"
                />
                <span
                  class="p-button-label p-c"
                >
                   
                </span>
              </button>
            </div>
            <button
              class="p-paginator-first p-paginator-element p-link p-disabled"
              disabled=""
              type="button"
            >
              <span
                class="p-paginator-icon pi pi-angle-double-left"
              />
            </button>
            <button
              class="p-paginator-prev p-paginator-element p-link p-disabled"
              disabled=""
              type="button"
            >
              <span
                class="p-paginator-icon pi pi-angle-left"
              />
            </button>
            <span
              class="p-paginator-current"
            >
              (1 of 2)
            </span>
            <button
              class="p-paginator-next p-paginator-element p-link"
              type="button"
            >
              <span
                class="p-paginator-icon pi pi-angle-right"
              />
            </button>
            <button
              class="p-paginator-last p-paginator-element p-link"
              type="button"
            >
              <span
                class="p-paginator-icon pi pi-angle-double-right"
              />
            </button>
            <div
              class="p-paginator-right-content"
            >
              <button
                class="p-button p-component p-button-icon-only"
                type="button"
              >
                <span
                  class="p-button-icon p-c pi pi-search"
                />
                <span
                  class="p-button-label p-c"
                >
                   
                </span>
              </button>
            </div>
          </div>
        </div>
      </div>
    </div>
  </body>,
  "container": <div>
    <div
      class="paginator-demo"
    >
      <div
        class="card"
      >
        <h5>
          Basic
        </h5>
        <div
          class="p-paginator p-component"
        >
          <button
            class="p-paginator-first p-paginator-element p-link p-disabled"
            disabled=""
            type="button"
          >
            <span
              class="p-paginator-icon pi pi-angle-double-left"
            />
          </button>
          <button
            class="p-paginator-prev p-paginator-element p-link p-disabled"
            disabled=""
            type="button"
          >
            <span
              class="p-paginator-icon pi pi-angle-left"
            />
          </button>
          <span
            class="p-paginator-pages"
          >
            <button
              class="p-paginator-page p-paginator-element p-link p-paginator-page-start p-highlight"
              type="button"
            >
              1
            </button>
            <button
              class="p-paginator-page p-paginator-element p-link"
              type="button"
            >
              2
            </button>
            <button
              class="p-paginator-page p-paginator-element p-link"
              type="button"
            >
              3
            </button>
            <button
              class="p-paginator-page p-paginator-element p-link"
              type="button"
            >
              4
            </button>
            <button
              class="p-paginator-page p-paginator-element p-link p-paginator-page-end"
              type="button"
            >
              5
            </button>
          </span>
          <button
            class="p-paginator-next p-paginator-element p-link"
            type="button"
          >
            <span
              class="p-paginator-icon pi pi-angle-right"
            />
          </button>
          <button
            class="p-paginator-last p-paginator-element p-link"
            type="button"
          >
            <span
              class="p-paginator-icon pi pi-angle-double-right"
            />
          </button>
          <div
            class="p-dropdown p-component p-inputwrapper p-inputwrapper-filled"
          >
            <div
              class="p-hidden-accessible"
            >
              <input
                aria-haspopup="listbox"
                readonly=""
                type="text"
              />
            </div>
            <div
              class="p-hidden-accessible p-dropdown-hidden-select"
            >
              <select
                aria-hidden="true"
                tabindex="-1"
              >
                <option
                  value=""
                />
                <option
                  value="10"
                >
                  10
                </option>
              </select>
            </div>
            <span
              class="p-dropdown-label p-inputtext"
            >
              10
            </span>
            <div
              aria-expanded="false"
              aria-haspopup="listbox"
              class="p-dropdown-trigger"
              role="button"
            >
              <span
                class="p-dropdown-trigger-icon p-clickable pi pi-chevron-down"
              />
            </div>
          </div>
        </div>
        <br />
        <h5>
          Custom Template
        </h5>
        <div
          class="p-paginator p-component"
        >
          <button
            class="p-paginator-prev p-paginator-element p-link p-disabled"
            disabled=""
            type="button"
          >
            <span
              class="p-3"
            >
              organization_paginator_previous
            </span>
          </button>
          <span
            class="p-paginator-pages"
          >
            <button
              class="p-paginator-page p-paginator-element p-link p-paginator-page-start p-highlight"
              type="button"
            >
              1
            </button>
            <button
              class="p-paginator-page p-paginator-element p-link"
              type="button"
            >
              2
            </button>
            <button
              class="p-paginator-page p-paginator-element p-link"
              type="button"
            >
              3
            </button>
            <button
              class="p-paginator-page p-paginator-element p-link"
              type="button"
            >
              4
            </button>
            <span
              class="p-paginator-page p-paginator-element p-link p-paginator-page-end p-disabled"
              style="user-select: none;"
            >
              ...
            </span>
          </span>
          <button
            class="p-paginator-next p-paginator-element p-link"
            type="button"
          >
            <span
              class="p-3"
            >
              organization_paginator_next
            </span>
          </button>
          <div
            class="p-dropdown p-component p-inputwrapper p-inputwrapper-filled"
          >
            <div
              class="p-hidden-accessible"
            >
              <input
                aria-haspopup="listbox"
                readonly=""
                type="text"
              />
            </div>
            <div
              class="p-hidden-accessible p-dropdown-hidden-select"
            >
              <select
                aria-hidden="true"
                tabindex="-1"
              >
                <option
                  value=""
                />
                <option
                  value="10"
                >
                  10
                </option>
              </select>
            </div>
            <span
              class="p-dropdown-label p-inputtext"
            >
              10
            </span>
            <div
              aria-expanded="false"
              aria-haspopup="listbox"
              class="p-dropdown-trigger"
              role="button"
            >
              <span
                class="p-dropdown-trigger-icon p-clickable pi pi-chevron-down"
              />
            </div>
          </div>
          <span
            class="mx-3"
            style="user-select: none;"
          >
            organization_paginator_page_goto
            <input
              class="p-inputtext p-component p-filled ml-1"
              size="2"
              value="1"
            />
          </span>
        </div>
        <div
          class="p-paginator p-component justify-content-end my-3"
        >
          <span
            class="mx-1"
            style="user-select: none;"
          >
            organization_paginator_page_items
            :
             
          </span>
          <div
            class="p-dropdown p-component p-inputwrapper p-inputwrapper-filled"
          >
            <div
              class="p-hidden-accessible"
            >
              <input
                aria-haspopup="listbox"
                readonly=""
                type="text"
              />
            </div>
            <div
              class="p-hidden-accessible p-dropdown-hidden-select"
            >
              <select
                aria-hidden="true"
                tabindex="-1"
              >
                <option
                  value=""
                />
                <option
                  value="10"
                >
                  10
                </option>
              </select>
            </div>
            <span
              class="p-dropdown-label p-inputtext"
            >
              10
            </span>
            <div
              aria-expanded="false"
              aria-haspopup="listbox"
              class="p-dropdown-trigger"
              role="button"
            >
              <span
                class="p-dropdown-trigger-icon p-clickable pi pi-chevron-down"
              />
            </div>
          </div>
          <span
            style="user-select: none; width: 120px; text-align: center;"
          >
            1
             - 
            10
             of 
            120
          </span>
          <button
            class="p-paginator-prev p-paginator-element p-link p-disabled"
            disabled=""
            type="button"
          >
            <span
              class="p-paginator-icon pi pi-angle-left"
            />
          </button>
          <button
            class="p-paginator-next p-paginator-element p-link"
            type="button"
          >
            <span
              class="p-paginator-icon pi pi-angle-right"
            />
          </button>
        </div>
        <div
          class="p-paginator p-component justify-content-start my-3"
        >
          <div
            class="d-flex align-items-center"
          >
            <span
              class="mr-3"
              style="user-select: none;"
            >
              organization_paginator_page_items
              :
               
            </span>
            <div
              class="p-slider p-component slider p-slider-horizontal"
              style="width: 10rem;"
            >
              <span
                class="p-slider-range"
                style="width: 0%;"
              />
              <span
                aria-valuemax="120"
                aria-valuemin="10"
                class="p-slider-handle"
                role="slider"
                style="left: 0%;"
                tabindex="0"
              />
            </div>
          </div>
          <button
            class="p-paginator-prev p-paginator-element p-link p-disabled"
            disabled=""
            type="button"
          >
            <span
              class="p-paginator-icon pi pi-angle-left"
            />
          </button>
          <span
            class="p-paginator-pages"
          >
            <button
              class="p-paginator-page p-paginator-element p-link p-paginator-page-start p-highlight"
              type="button"
            >
              1
            </button>
            <button
              class="p-paginator-page p-paginator-element p-link"
              type="button"
            >
              2
            </button>
            <button
              class="p-paginator-page p-paginator-element p-link"
              type="button"
            >
              3
            </button>
            <button
              class="p-paginator-page p-paginator-element p-link"
              type="button"
            >
              4
            </button>
            <button
              class="p-paginator-page p-paginator-element p-link p-paginator-page-end"
              type="button"
            >
              5
            </button>
          </span>
          <button
            class="p-paginator-next p-paginator-element p-link"
            type="button"
          >
            <span
              class="p-paginator-icon pi pi-angle-right"
            />
          </button>
          <span
            style="user-select: none; width: 120px; text-align: center;"
          >
            1
             - 
            10
             of 
            120
          </span>
        </div>
        <h5>
          Left and Right Content
        </h5>
        <div
          class="p-paginator p-component"
        >
          <div
            class="p-paginator-left-content"
          >
            <button
              class="p-button p-component p-button-icon-only"
              type="button"
            >
              <span
                class="p-button-icon p-c pi pi-refresh"
              />
              <span
                class="p-button-label p-c"
              >
                 
              </span>
            </button>
          </div>
          <button
            class="p-paginator-first p-paginator-element p-link p-disabled"
            disabled=""
            type="button"
          >
            <span
              class="p-paginator-icon pi pi-angle-double-left"
            />
          </button>
          <button
            class="p-paginator-prev p-paginator-element p-link p-disabled"
            disabled=""
            type="button"
          >
            <span
              class="p-paginator-icon pi pi-angle-left"
            />
          </button>
          <span
            class="p-paginator-current"
          >
            (1 of 2)
          </span>
          <button
            class="p-paginator-next p-paginator-element p-link"
            type="button"
          >
            <span
              class="p-paginator-icon pi pi-angle-right"
            />
          </button>
          <button
            class="p-paginator-last p-paginator-element p-link"
            type="button"
          >
            <span
              class="p-paginator-icon pi pi-angle-double-right"
            />
          </button>
          <div
            class="p-paginator-right-content"
          >
            <button
              class="p-button p-component p-button-icon-only"
              type="button"
            >
              <span
                class="p-button-icon p-c pi pi-search"
              />
              <span
                class="p-button-label p-c"
              >
                 
              </span>
            </button>
          </div>
        </div>
      </div>
    </div>
  </div>,
  "debug": [Function],
  "findAllByAltText": [Function],
  "findAllByDisplayValue": [Function],
  "findAllByLabelText": [Function],
  "findAllByPlaceholderText": [Function],
  "findAllByRole": [Function],
  "findAllByTestId": [Function],
  "findAllByText": [Function],
  "findAllByTitle": [Function],
  "findByAltText": [Function],
  "findByDisplayValue": [Function],
  "findByLabelText": [Function],
  "findByPlaceholderText": [Function],
  "findByRole": [Function],
  "findByTestId": [Function],
  "findByText": [Function],
  "findByTitle": [Function],
  "getAllByAltText": [Function],
  "getAllByDisplayValue": [Function],
  "getAllByLabelText": [Function],
  "getAllByPlaceholderText": [Function],
  "getAllByRole": [Function],
  "getAllByTestId": [Function],
  "getAllByText": [Function],
  "getAllByTitle": [Function],
  "getByAltText": [Function],
  "getByDisplayValue": [Function],
  "getByLabelText": [Function],
  "getByPlaceholderText": [Function],
  "getByRole": [Function],
  "getByTestId": [Function],
  "getByText": [Function],
  "getByTitle": [Function],
  "queryAllByAltText": [Function],
  "queryAllByDisplayValue": [Function],
  "queryAllByLabelText": [Function],
  "queryAllByPlaceholderText": [Function],
  "queryAllByRole": [Function],
  "queryAllByTestId": [Function],
  "queryAllByText": [Function],
  "queryAllByTitle": [Function],
  "queryByAltText": [Function],
  "queryByDisplayValue": [Function],
  "queryByLabelText": [Function],
  "queryByPlaceholderText": [Function],
  "queryByRole": [Function],
  "queryByTestId": [Function],
  "queryByText": [Function],
  "queryByTitle": [Function],
  "rerender": [Function],
  "unmount": [Function],
}
`;
