// Jest Snapshot v1, https://goo.gl/fbAQLP

exports[`renders LanguageDropdown 1`] = `
Object {
  "asFragment": [Function],
  "baseElement": <body>
    <div>
      <div
        class="dropdown"
      >
        <button
          aria-expanded="false"
          class="nav-link dropdown-toggle arrow-none shadow-none dropdown-toggle btn btn-link"
          id="dropdown-languages"
          type="button"
        >
          <img
            alt="English"
            class="me-1"
            height="12"
            src="[object Object]"
            width="20"
          />
           
          <span
            class="align-middle d-none d-sm-inline-block"
          >
            English
          </span>
          <i
            class="mdi mdi-chevron-down d-none d-sm-inline-block align-middle"
          />
        </button>
      </div>
    </div>
  </body>,
  "container": <div>
    <div
      class="dropdown"
    >
      <button
        aria-expanded="false"
        class="nav-link dropdown-toggle arrow-none shadow-none dropdown-toggle btn btn-link"
        id="dropdown-languages"
        type="button"
      >
        <img
          alt="English"
          class="me-1"
          height="12"
          src="[object Object]"
          width="20"
        />
         
        <span
          class="align-middle d-none d-sm-inline-block"
        >
          English
        </span>
        <i
          class="mdi mdi-chevron-down d-none d-sm-inline-block align-middle"
        />
      </button>
    </div>
  </div>,
  "debug": [Function],
  "findAllByAltText": [Function],
  "findAllByDisplayValue": [Function],
  "findAllByLabelText": [Function],
  "findAllByPlaceholderText": [Function],
  "findAllByRole": [Function],
  "findAllByTestId": [Function],
  "findAllByText": [Function],
  "findAllByTitle": [Function],
  "findByAltText": [Function],
  "findByDisplayValue": [Function],
  "findByLabelText": [Function],
  "findByPlaceholderText": [Function],
  "findByRole": [Function],
  "findByTestId": [Function],
  "findByText": [Function],
  "findByTitle": [Function],
  "getAllByAltText": [Function],
  "getAllByDisplayValue": [Function],
  "getAllByLabelText": [Function],
  "getAllByPlaceholderText": [Function],
  "getAllByRole": [Function],
  "getAllByTestId": [Function],
  "getAllByText": [Function],
  "getAllByTitle": [Function],
  "getByAltText": [Function],
  "getByDisplayValue": [Function],
  "getByLabelText": [Function],
  "getByPlaceholderText": [Function],
  "getByRole": [Function],
  "getByTestId": [Function],
  "getByText": [Function],
  "getByTitle": [Function],
  "queryAllByAltText": [Function],
  "queryAllByDisplayValue": [Function],
  "queryAllByLabelText": [Function],
  "queryAllByPlaceholderText": [Function],
  "queryAllByRole": [Function],
  "queryAllByTestId": [Function],
  "queryAllByText": [Function],
  "queryAllByTitle": [Function],
  "queryByAltText": [Function],
  "queryByDisplayValue": [Function],
  "queryByLabelText": [Function],
  "queryByPlaceholderText": [Function],
  "queryByRole": [Function],
  "queryByTestId": [Function],
  "queryByText": [Function],
  "queryByTitle": [Function],
  "rerender": [Function],
  "unmount": [Function],
}
`;
