// Jest Snapshot v1, https://goo.gl/fbAQLP

exports[`renders MenuItemWithChildren 1`] = `
Object {
  "asFragment": [Function],
  "baseElement": <body>
    <div>
      <div
        class="dropdown test-classname"
      >
        <a
          aria-expanded="false"
          aria-haspopup="true"
          class="dropdown-toggle arrow-none test-linkClassName"
          data-bs-toggle="dropdown"
          data-menu-key="more"
          href="/"
          id="more"
          role="button"
        >
          <span>
             
            test-label
             
          </span>
          <div
            class="arrow-down"
          />
        </a>
      </div>
    </div>
  </body>,
  "container": <div>
    <div
      class="dropdown test-classname"
    >
      <a
        aria-expanded="false"
        aria-haspopup="true"
        class="dropdown-toggle arrow-none test-linkClassName"
        data-bs-toggle="dropdown"
        data-menu-key="more"
        href="/"
        id="more"
        role="button"
      >
        <span>
           
          test-label
           
        </span>
        <div
          class="arrow-down"
        />
      </a>
    </div>
  </div>,
  "debug": [Function],
  "findAllByAltText": [Function],
  "findAllByDisplayValue": [Function],
  "findAllByLabelText": [Function],
  "findAllByPlaceholderText": [Function],
  "findAllByRole": [Function],
  "findAllByTestId": [Function],
  "findAllByText": [Function],
  "findAllByTitle": [Function],
  "findByAltText": [Function],
  "findByDisplayValue": [Function],
  "findByLabelText": [Function],
  "findByPlaceholderText": [Function],
  "findByRole": [Function],
  "findByTestId": [Function],
  "findByText": [Function],
  "findByTitle": [Function],
  "getAllByAltText": [Function],
  "getAllByDisplayValue": [Function],
  "getAllByLabelText": [Function],
  "getAllByPlaceholderText": [Function],
  "getAllByRole": [Function],
  "getAllByTestId": [Function],
  "getAllByText": [Function],
  "getAllByTitle": [Function],
  "getByAltText": [Function],
  "getByDisplayValue": [Function],
  "getByLabelText": [Function],
  "getByPlaceholderText": [Function],
  "getByRole": [Function],
  "getByTestId": [Function],
  "getByText": [Function],
  "getByTitle": [Function],
  "queryAllByAltText": [Function],
  "queryAllByDisplayValue": [Function],
  "queryAllByLabelText": [Function],
  "queryAllByPlaceholderText": [Function],
  "queryAllByRole": [Function],
  "queryAllByTestId": [Function],
  "queryAllByText": [Function],
  "queryAllByTitle": [Function],
  "queryByAltText": [Function],
  "queryByDisplayValue": [Function],
  "queryByLabelText": [Function],
  "queryByPlaceholderText": [Function],
  "queryByRole": [Function],
  "queryByTestId": [Function],
  "queryByText": [Function],
  "queryByTitle": [Function],
  "rerender": [Function],
  "unmount": [Function],
}
`;
